Component: Arm Compiler for Embedded 6.19 Tool: armlink [5e73cb00]

==============================================================================

Section Cross References

    main.o(.text.main) refers to hardware_init.o(.text.hardware_init) for hardware_init
    main.o(.text.main) refers to i2c.o(.text.i2c_init) for i2c_init
    main.o(.text.main) refers to timer.o(.text.delay_long) for delay_long
    main.o(.text.main) refers to max582x.o(.text.max582_set_addr) for max582_set_addr
    main.o(.text.main) refers to max582x.o(.text.max582x_init_ref) for max582x_init_ref
    main.o(.text.main) refers to max582x.o(.text.max582x_init) for max582x_init
    main.o(.text.main) refers to dac_functions.o(.text.dac_read_all) for dac_read_all
    main.o(.text.main) refers to uip.o(.text.uip_init) for uip_init
    main.o(.text.main) refers to uip_arp.o(.text.uip_arp_init) for uip_arp_init
    main.o(.text.main) refers to net_interface.o(.text.load_net_addr) for load_net_addr
    main.o(.text.main) refers to enc28j60.o(.text.enc28j60PhyWrite) for enc28j60PhyWrite
    main.o(.text.main) refers to net_interface.o(.text.net_interface_init) for net_interface_init
    main.o(.text.main) refers to timer.o(.text.timer_set) for timer_set
    main.o(.text.main) refers to timer.o(.text.timer_expired) for timer_expired
    main.o(.text.main) refers to net_interface.o(.text.set_default_net_addr) for set_default_net_addr
    main.o(.text.main) refers to net_interface.o(.text.save_net_addr) for save_net_addr
    main.o(.text.main) refers to uiplib.o(.text.get_num_of_conns) for get_num_of_conns
    main.o(.text.main) refers to enc28j60.o(.text.enc28j60Init) for enc28j60Init
    main.o(.text.main) refers to timer.o(.text.timer_restart) for timer_restart
    main.o(.text.main) refers to enc28j60.o(.text.enc28j60PacketReceive) for enc28j60PacketReceive
    main.o(.text.main) refers to uip.o(.text.htons) for htons
    main.o(.text.main) refers to uip_arp.o(.text.uip_arp_arpin) for uip_arp_arpin
    main.o(.text.main) refers to uip.o(.text.uip_process) for uip_process
    main.o(.text.main) refers to uip_arp.o(.text.uip_arp_out) for uip_arp_out
    main.o(.text.main) refers to enc28j60.o(.text.enc28j60PacketSend) for enc28j60PacketSend
    main.o(.text.main) refers to uip_arp.o(.text.uip_arp_ipin) for uip_arp_ipin
    main.o(.text.main) refers to uip_arp.o(.text.uip_arp_timer) for uip_arp_timer
    main.o(.text.main) refers to enc28j60.o(.text.enc28J60WriteMAC) for enc28J60WriteMAC
    main.o(.text.main) refers to main.o(.data.DAC_addr) for DAC_addr
    main.o(.text.main) refers to main.o(.bss.global_flags) for global_flags
    main.o(.text.main) refers to uip.o(.bss.uip_buf) for uip_buf
    main.o(.text.main) refers to uip.o(.bss.uip_len) for uip_len
    main.o(.text.main) refers to uip.o(.bss.uip_conns) for uip_conns
    main.o(.text.main) refers to uip.o(.bss.uip_conn) for uip_conn
    main.o(.text.main) refers to net_interface.o(.bss.my_net_addr) for my_net_addr
    main.o(.text.main) refers to uip.o(.bss.uip_hostaddr) for uip_hostaddr
    main.o(.text.main) refers to uip.o(.bss.uip_ethaddr) for uip_ethaddr
    main.o(.ARM.exidx.text.main) refers to main.o(.text.main) for [Anonymous Symbol]
    main.o(.ARM.exidx.text.TIM14_IRQHandler) refers to main.o(.text.TIM14_IRQHandler) for [Anonymous Symbol]
    timer.o(.text.delay) refers to timer.o(.bss.ovf) for ovf
    timer.o(.ARM.exidx.text.delay) refers to timer.o(.text.delay) for [Anonymous Symbol]
    timer.o(.ARM.exidx.text.delay_long) refers to timer.o(.text.delay_long) for [Anonymous Symbol]
    timer.o(.text.timer_set) refers to timer.o(.bss.ms_timer) for ms_timer
    timer.o(.ARM.exidx.text.timer_set) refers to timer.o(.text.timer_set) for [Anonymous Symbol]
    timer.o(.text.timer_restart) refers to timer.o(.bss.ms_timer) for ms_timer
    timer.o(.ARM.exidx.text.timer_restart) refers to timer.o(.text.timer_restart) for [Anonymous Symbol]
    timer.o(.text.timer_expired) refers to timer.o(.bss.ms_timer) for ms_timer
    timer.o(.ARM.exidx.text.timer_expired) refers to timer.o(.text.timer_expired) for [Anonymous Symbol]
    timer.o(.text.SysTick_Handler) refers to timer.o(.bss.ms_timer) for ms_timer
    timer.o(.ARM.exidx.text.SysTick_Handler) refers to timer.o(.text.SysTick_Handler) for [Anonymous Symbol]
    net_interface.o(.text.net_interface_appcall) refers to net_interface.o(.text.handle_scpi) for handle_scpi
    net_interface.o(.text.net_interface_appcall) refers to net_interface.o(.text.handle_www) for handle_www
    net_interface.o(.text.net_interface_appcall) refers to uip.o(.bss.uip_conn) for uip_conn
    net_interface.o(.text.net_interface_appcall) refers to uip.o(.bss.uip_flags) for uip_flags
    net_interface.o(.text.net_interface_appcall) refers to net_interface.o(.bss.keepalive_timer) for keepalive_timer
    net_interface.o(.text.net_interface_appcall) refers to net_interface.o(.data.scpi_port) for scpi_port
[...]
    .constdata                               0x080073c1   Section       38  _printf_fp_hex.o(.constdata)
    uc_hextab                                0x080073d4   Data          19  _printf_fp_hex.o(.constdata)
    tenpwrs_x                                0x080073e8   Data          60  bigflt0.o(.constdata)
    .constdata                               0x080073e8   Section      148  bigflt0.o(.constdata)
    tenpwrs_i                                0x08007424   Data          64  bigflt0.o(.constdata)
    [Anonymous Symbol]                       0x0800747c   Section        0  net_interface.o(.rodata.str1.1)
    [Anonymous Symbol]                       0x08007482   Section        0  web_content.o(.rodata.str1.1)
    [Anonymous Symbol]                       0x08007929   Section        0  scpi.o(.rodata.str1.1)
    c$$dinf                                  0x08007964   Section        8  fpconst.o(c$$dinf)
    c$$dmax                                  0x0800796c   Section        8  fpconst.o(c$$dmax)
    locale$$data                             0x08007974   Section      272  lc_ctype_c.o(locale$$data)
    __lcctype_c_name                         0x08007978   Data           2  lc_ctype_c.o(locale$$data)
    __lcctype_c_start                        0x08007980   Data           0  lc_ctype_c.o(locale$$data)
    __lcctype_c_end                          0x08007a84   Data           0  lc_ctype_c.o(locale$$data)
    locale$$data                             0x08007a84   Section       28  lc_numeric_c.o(locale$$data)
    __lcnum_c_name                           0x08007a88   Data           2  lc_numeric_c.o(locale$$data)
    __lcnum_c_start                          0x08007a90   Data           0  lc_numeric_c.o(locale$$data)
    __lcnum_c_point                          0x08007a9c   Data           0  lc_numeric_c.o(locale$$data)
    __lcnum_c_thousands                      0x08007a9e   Data           0  lc_numeric_c.o(locale$$data)
    __lcnum_c_grouping                       0x08007a9f   Data           0  lc_numeric_c.o(locale$$data)
    __lcnum_c_end                            0x08007aa0   Data           0  lc_numeric_c.o(locale$$data)
    _strtok_saves1                           0x20000000   Data           4  strtok.o(.data)
    .data                                    0x20000000   Section        4  strtok.o(.data)
    .bss                                     0x20000030   Section       96  libspace.o(.bss)
    Enc28j60Bank                             0x200000c0   Data           1  enc28j60.o(.bss.Enc28j60Bank)
    [Anonymous Symbol]                       0x200000c0   Section        0  enc28j60.o(.bss.Enc28j60Bank)
    c                                        0x20000123   Data           1  uip_arp.o(.bss.c)
    [Anonymous Symbol]                       0x20000123   Section        0  uip_arp.o(.bss.c)
    ipid                                     0x2000012e   Data           2  uip.o(.bss.ipid)
    [Anonymous Symbol]                       0x2000012e   Section        0  uip.o(.bss.ipid)
    iss.0                                    0x20000130   Data           1  uip.o(.bss.iss.0)
    [Anonymous Symbol]                       0x20000130   Section        0  uip.o(.bss.iss.0)
    iss.1                                    0x20000131   Data           1  uip.o(.bss.iss.1)
    [Anonymous Symbol]                       0x20000131   Section        0  uip.o(.bss.iss.1)
    iss.2                                    0x20000132   Data           1  uip.o(.bss.iss.2)
    [Anonymous Symbol]                       0x20000132   Section        0  uip.o(.bss.iss.2)
    iss.3                                    0x20000133   Data           1  uip.o(.bss.iss.3)
    [Anonymous Symbol]                       0x20000133   Section        0  uip.o(.bss.iss.3)
    Heap_Mem                                 0x20000800   Data           0  startup_stm32f030x6.o(HEAP)
    Stack_Mem                                0x20000800   Data        1024  startup_stm32f030x6.o(STACK)
    HEAP                                     0x20000800   Section        0  startup_stm32f030x6.o(HEAP)
    STACK                                    0x20000800   Section     1024  startup_stm32f030x6.o(STACK)
    __initial_sp                             0x20000c00   Data           0  startup_stm32f030x6.o(STACK)

    Global Symbols

    Symbol Name                              Value     Ov Type        Size  Object(Section)

    BuildAttributes$$THM_ISAv3M$S$PE$A:L22$X:L11$S22$IEEE1$IW$~IW$USESV6$~STKCKD$USESV7$~SHL$OTIME$ROPI$IEEEX$EBA8$UX$STANDARDLIB$REQ8$PRES8$EABIv2 0x00000000   Number         0  anon$$obj.o ABSOLUTE
    _printf_flags                            0x00000000   Number         0  printf_stubs.o ABSOLUTE
    _printf_return_value                     0x00000000   Number         0  printf_stubs.o ABSOLUTE
    _printf_sizespec                         0x00000000   Number         0  printf_stubs.o ABSOLUTE
    _printf_widthprec                        0x00000000   Number         0  printf_stubs.o ABSOLUTE
    __ARM_exceptions_init                     - Undefined Weak Reference
    __alloca_initialize                       - Undefined Weak Reference
    __arm_preinit_                            - Undefined Weak Reference
    __arm_relocate_pie_                       - Undefined Weak Reference
    __cpp_initialize__aeabi_                  - Undefined Weak Reference
    __cxa_finalize                            - Undefined Weak Reference
    __sigvec_lookup                           - Undefined Weak Reference
    _atexit_init                              - Undefined Weak Reference
    _call_atexit_fns                          - Undefined Weak Reference
    _clock_init                               - Undefined Weak Reference
    _fp_trap_init                             - Undefined Weak Reference
    _fp_trap_shutdown                         - Undefined Weak Reference
    _get_lc_collate                           - Undefined Weak Reference
    _get_lc_monetary                          - Undefined Weak Reference
    _get_lc_time                              - Undefined Weak Reference
    _getenv_init                              - Undefined Weak Reference
    _handle_redirection                       - Undefined Weak Reference
    _init_alloc                               - Undefined Weak Reference
    _init_user_alloc                          - Undefined Weak Reference
    _initio                                   - Undefined Weak Reference
    _printf_mbtowc                            - Undefined Weak Reference
    _printf_wc                                - Undefined Weak Reference
    _rand_init                                - Undefined Weak Reference
    _signal_finish                            - Undefined Weak Reference
    _signal_init                              - Undefined Weak Reference
    _terminate_alloc                          - Undefined Weak Reference
    _terminate_user_alloc                     - Undefined Weak Reference
    _terminateio                              - Undefined Weak Reference
    __Vectors_Size                           0x000000b0   Number         0  startup_stm32f030x6.o ABSOLUTE
    __Vectors                                0x08000000   Data           4  startup_stm32f030x6.o(RESET)
    __Vectors_End                            0x080000b0   Data           0  startup_stm32f030x6.o(RESET)
    __main                                   0x080000b1   Thumb Code     8  __main.o(!!!main)
    __scatterload                            0x080000b9   Thumb Code     0  __scatter.o(!!!scatter)
    __scatterload_rt2                        0x080000b9   Thumb Code    52  __scatter.o(!!!scatter)
    __scatterload_rt2_thumb_only             0x080000b9   Thumb Code     0  __scatter.o(!!!scatter)
    __scatterload_null                       0x080000c9   Thumb Code     0  __scatter.o(!!!scatter)
    __scatterload_copy                       0x080000f5   Thumb Code    26  __scatter_copy.o(!!handler_copy)
    __scatterload_zeroinit                   0x08000111   Thumb Code    28  __scatter_zi.o(!!handler_zi)
    _printf_percent                          0x0800012d   Thumb Code     0  _printf_percent.o(.ARM.Collect$$_printf_percent$$00000000)
    _printf_n                                0x0800012f   Thumb Code     0  _printf_n.o(.ARM.Collect$$_printf_percent$$00000001)
    _printf_p                                0x08000139   Thumb Code     0  _printf_p.o(.ARM.Collect$$_printf_percent$$00000002)
    _printf_f                                0x08000143   Thumb Code     0  _printf_f.o(.ARM.Collect$$_printf_percent$$00000003)
    _printf_e                                0x0800014d   Thumb Code     0  _printf_e.o(.ARM.Collect$$_printf_percent$$00000004)
    _printf_g                                0x08000157   Thumb Code     0  _printf_g.o(.ARM.Collect$$_printf_percent$$00000005)
    _printf_a                                0x08000161   Thumb Code     0  _printf_a.o(.ARM.Collect$$_printf_percent$$00000006)
    _printf_ll                               0x0800016b   Thumb Code     0  _printf_ll.o(.ARM.Collect$$_printf_percent$$00000007)
    _printf_i                                0x08000175   Thumb Code     0  _printf_i.o(.ARM.Collect$$_printf_percent$$00000008)
    _printf_d                                0x0800017f   Thumb Code     0  _printf_d.o(.ARM.Collect$$_printf_percent$$00000009)
    _printf_u                                0x08000189   Thumb Code     0  _printf_u.o(.ARM.Collect$$_printf_percent$$0000000A)
    _printf_o                                0x08000193   Thumb Code     0  _printf_o.o(.ARM.Collect$$_printf_percent$$0000000B)
    _printf_x                                0x0800019d   Thumb Code     0  _printf_x.o(.ARM.Collect$$_printf_percent$$0000000C)
    _printf_lli                              0x080001a7   Thumb Code     0  _printf_lli.o(.ARM.Collect$$_printf_percent$$0000000D)
    _printf_lld                              0x080001b1   Thumb Code     0  _printf_lld.o(.ARM.Collect$$_printf_percent$$0000000E)
    _printf_llu                              0x080001bb   Thumb Code     0  _printf_llu.o(.ARM.Collect$$_printf_percent$$0000000F)
    _printf_llo                              0x080001c5   Thumb Code     0  _printf_llo.o(.ARM.Collect$$_printf_percent$$00000010)
    _printf_llx                              0x080001cf   Thumb Code     0  _printf_llx.o(.ARM.Collect$$_printf_percent$$00000011)
    _printf_l                                0x080001d9   Thumb Code     0  _printf_l.o(.ARM.Collect$$_printf_percent$$00000012)
    _printf_c                                0x080001e3   Thumb Code     0  _printf_c.o(.ARM.Collect$$_printf_percent$$00000013)
    _printf_s                                0x080001ed   Thumb Code     0  _printf_s.o(.ARM.Collect$$_printf_percent$$00000014)
    _printf_lc                               0x080001f7   Thumb Code     0  _printf_lc.o(.ARM.Collect$$_printf_percent$$00000015)
    _printf_ls                               0x08000201   Thumb Code     0  _printf_ls.o(.ARM.Collect$$_printf_percent$$00000016)
    _printf_percent_end                      0x0800020b   Thumb Code     0  _printf_percent_end.o(.ARM.Collect$$_printf_percent$$00000017)
    __rt_lib_init                            0x0800020f   Thumb Code     0  libinit.o(.ARM.Collect$$libinit$$00000000)
    __rt_lib_init_fp_1                       0x08000211   Thumb Code     0  libinit2.o(.ARM.Collect$$libinit$$00000002)
    __rt_lib_init_heap_1                     0x08000211   Thumb Code     0  libinit2.o(.ARM.Collect$$libinit$$0000000C)
    __rt_lib_init_lc_common                  0x08000211   Thumb Code     0  libinit2.o(.ARM.Collect$$libinit$$00000011)
    __rt_lib_init_preinit_1                  0x08000211   Thumb Code     0  libinit2.o(.ARM.Collect$$libinit$$00000006)
    __rt_lib_init_rand_1                     0x08000211   Thumb Code     0  libinit2.o(.ARM.Collect$$libinit$$00000010)
    __rt_lib_init_relocate_pie_1             0x08000211   Thumb Code     0  libinit2.o(.ARM.Collect$$libinit$$00000004)
    __rt_lib_init_user_alloc_1               0x08000211   Thumb Code     0  libinit2.o(.ARM.Collect$$libinit$$0000000E)
    __rt_lib_init_lc_collate_1               0x08000217   Thumb Code     0  libinit2.o(.ARM.Collect$$libinit$$00000013)
    __rt_lib_init_lc_ctype_2                 0x08000217   Thumb Code     0  libinit2.o(.ARM.Collect$$libinit$$00000014)
    __rt_lib_init_lc_ctype_1                 0x08000223   Thumb Code     0  libinit2.o(.ARM.Collect$$libinit$$00000015)
    __rt_lib_init_lc_monetary_1              0x08000223   Thumb Code     0  libinit2.o(.ARM.Collect$$libinit$$00000017)
    __rt_lib_init_lc_numeric_2               0x08000223   Thumb Code     0  libinit2.o(.ARM.Collect$$libinit$$00000018)
    __rt_lib_init_alloca_1                   0x0800022d   Thumb Code     0  libinit2.o(.ARM.Collect$$libinit$$00000030)
    __rt_lib_init_argv_1                     0x0800022d   Thumb Code     0  libinit2.o(.ARM.Collect$$libinit$$0000002E)
    __rt_lib_init_atexit_1                   0x0800022d   Thumb Code     0  libinit2.o(.ARM.Collect$$libinit$$0000001D)
    __rt_lib_init_clock_1                    0x0800022d   Thumb Code     0  libinit2.o(.ARM.Collect$$libinit$$00000023)
    __rt_lib_init_cpp_1                      0x0800022d   Thumb Code     0  libinit2.o(.ARM.Collect$$libinit$$00000034)
    __rt_lib_init_exceptions_1               0x0800022d   Thumb Code     0  libinit2.o(.ARM.Collect$$libinit$$00000032)
    __rt_lib_init_fp_trap_1                  0x0800022d   Thumb Code     0  libinit2.o(.ARM.Collect$$libinit$$00000021)
    __rt_lib_init_getenv_1                   0x0800022d   Thumb Code     0  libinit2.o(.ARM.Collect$$libinit$$00000025)
    __rt_lib_init_lc_numeric_1               0x0800022d   Thumb Code     0  libinit2.o(.ARM.Collect$$libinit$$00000019)
    __rt_lib_init_lc_time_1                  0x0800022d   Thumb Code     0  libinit2.o(.ARM.Collect$$libinit$$0000001B)
    __rt_lib_init_return                     0x0800022d   Thumb Code     0  libinit2.o(.ARM.Collect$$libinit$$00000035)
    __rt_lib_init_signal_1                   0x0800022d   Thumb Code     0  libinit2.o(.ARM.Collect$$libinit$$0000001F)
    __rt_lib_init_stdio_1                    0x0800022d   Thumb Code     0  libinit2.o(.ARM.Collect$$libinit$$00000027)
    __rt_lib_shutdown                        0x0800022f   Thumb Code     0  libshutdown.o(.ARM.Collect$$libshutdown$$00000000)
    __rt_lib_shutdown_cpp_1                  0x08000231   Thumb Code     0  libshutdown2.o(.ARM.Collect$$libshutdown$$00000002)
    __rt_lib_shutdown_fp_trap_1              0x08000231   Thumb Code     0  libshutdown2.o(.ARM.Collect$$libshutdown$$00000007)
    __rt_lib_shutdown_heap_1                 0x08000231   Thumb Code     0  libshutdown2.o(.ARM.Collect$$libshutdown$$0000000F)
    __rt_lib_shutdown_return                 0x08000231   Thumb Code     0  libshutdown2.o(.ARM.Collect$$libshutdown$$00000010)
    __rt_lib_shutdown_signal_1               0x08000231   Thumb Code     0  libshutdown2.o(.ARM.Collect$$libshutdown$$0000000A)
    __rt_lib_shutdown_stdio_1                0x08000231   Thumb Code     0  libshutdown2.o(.ARM.Collect$$libshutdown$$00000004)
    __rt_lib_shutdown_user_alloc_1           0x08000231   Thumb Code     0  libshutdown2.o(.ARM.Collect$$libshutdown$$0000000C)
    __rt_entry                               0x08000233   Thumb Code     0  __rtentry.o(.ARM.Collect$$rtentry$$00000000)
    __rt_entry_presh_1                       0x08000233   Thumb Code     0  __rtentry2.o(.ARM.Collect$$rtentry$$00000002)
    __rt_entry_sh                            0x08000233   Thumb Code     0  __rtentry4.o(.ARM.Collect$$rtentry$$00000004)
    __rt_entry_li                            0x08000239   Thumb Code     0  __rtentry2.o(.ARM.Collect$$rtentry$$0000000A)
    __rt_entry_postsh_1                      0x08000239   Thumb Code     0  __rtentry2.o(.ARM.Collect$$rtentry$$00000009)
    __rt_entry_main                          0x0800023d   Thumb Code     0  __rtentry2.o(.ARM.Collect$$rtentry$$0000000D)
    __rt_entry_postli_1                      0x0800023d   Thumb Code     0  __rtentry2.o(.ARM.Collect$$rtentry$$0000000C)
    __rt_exit                                0x08000245   Thumb Code     0  rtexit.o(.ARM.Collect$$rtexit$$00000000)
    __rt_exit_ls                             0x08000247   Thumb Code     0  rtexit2.o(.ARM.Collect$$rtexit$$00000003)
    __rt_exit_prels_1                        0x08000247   Thumb Code     0  rtexit2.o(.ARM.Collect$$rtexit$$00000002)
    __rt_exit_exit                           0x0800024b   Thumb Code     0  rtexit2.o(.ARM.Collect$$rtexit$$00000004)
    __aeabi_memcpy4                          0x08000251   Thumb Code    56  rt_memcpy.o(.emb_text)
    __aeabi_memcpy8                          0x08000251   Thumb Code     0  rt_memcpy.o(.emb_text)
    Reset_Handler                            0x08000289   Thumb Code     8  startup_stm32f030x6.o(.text)
    NMI_Handler                              0x08000291   Thumb Code     2  startup_stm32f030x6.o(.text)
    HardFault_Handler                        0x08000293   Thumb Code     2  startup_stm32f030x6.o(.text)
    SVC_Handler                              0x08000295   Thumb Code     2  startup_stm32f030x6.o(.text)
    PendSV_Handler                           0x08000297   Thumb Code     2  startup_stm32f030x6.o(.text)
    ADC1_IRQHandler                          0x0800029b   Thumb Code     0  startup_stm32f030x6.o(.text)
    DMA1_Channel1_IRQHandler                 0x0800029b   Thumb Code     0  startup_stm32f030x6.o(.text)
    DMA1_Channel2_3_IRQHandler               0x0800029b   Thumb Code     0  startup_stm32f030x6.o(.text)
    DMA1_Channel4_5_IRQHandler               0x0800029b   Thumb Code     0  startup_stm32f030x6.o(.text)
    EXTI0_1_IRQHandler                       0x0800029b   Thumb Code     0  startup_stm32f030x6.o(.text)
    EXTI2_3_IRQHandler                       0x0800029b   Thumb Code     0  startup_stm32f030x6.o(.text)
    EXTI4_15_IRQHandler                      0x0800029b   Thumb Code     0  startup_stm32f030x6.o(.text)
    FLASH_IRQHandler                         0x0800029b   Thumb Code     0  startup_stm32f030x6.o(.text)
    I2C1_IRQHandler                          0x0800029b   Thumb Code     0  startup_stm32f030x6.o(.text)
    RCC_IRQHandler                           0x0800029b   Thumb Code     0  startup_stm32f030x6.o(.text)
    RTC_IRQHandler                           0x0800029b   Thumb Code     0  startup_stm32f030x6.o(.text)
    SPI1_IRQHandler                          0x0800029b   Thumb Code     0  startup_stm32f030x6.o(.text)
    TIM16_IRQHandler                         0x0800029b   Thumb Code     0  startup_stm32f030x6.o(.text)
    TIM17_IRQHandler                         0x0800029b   Thumb Code     0  startup_stm32f030x6.o(.text)
    TIM1_BRK_UP_TRG_COM_IRQHandler           0x0800029b   Thumb Code     0  startup_stm32f030x6.o(.text)
    TIM1_CC_IRQHandler                       0x0800029b   Thumb Code     0  startup_stm32f030x6.o(.text)
    TIM3_IRQHandler                          0x0800029b   Thumb Code     0  startup_stm32f030x6.o(.text)
    USART1_IRQHandler                        0x0800029b   Thumb Code     0  startup_stm32f030x6.o(.text)
    WWDG_IRQHandler                          0x0800029b   Thumb Code     0  startup_stm32f030x6.o(.text)
    __user_initial_stackheap                 0x0800029d   Thumb Code     0  startup_stm32f030x6.o(.text)
    __rt_ctype_table                         0x080002bd   Thumb Code    16  rt_ctype_table.o(.text)
    vsprintf                                 0x080002cd   Thumb Code    32  vsprintf.o(.text)
    atoi                                     0x080002f1   Thumb Code    26  atoi.o(.text)
    strtok                                   0x0800030d   Thumb Code    10  strtok.o(.text)
    memcmp                                   0x0800031d   Thumb Code    90  memcmp.o(.text)
    strlen                                   0x08000379   Thumb Code    62  strlen.o(.text)
    strncmp                                  0x080003bd   Thumb Code   154  strncmp.o(.text)
    __aeabi_memcpy                           0x0800045d   Thumb Code   130  rt_memcpy.o(.text)
    __rt_memcpy                              0x0800045d   Thumb Code     0  rt_memcpy.o(.text)
    __aeabi_uidivmod                         0x080004e1   Thumb Code    28  aeabi_sdivfast.o(.text)
    __aeabi_idivmod                          0x080004fd   Thumb Code   472  aeabi_sdivfast.o(.text)
    __use_two_region_memory                  0x080006d9   Thumb Code     2  heapauxi.o(.text)
    __rt_heap_escrow$2region                 0x080006db   Thumb Code     2  heapauxi.o(.text)
    __rt_heap_expand$2region                 0x080006dd   Thumb Code     2  heapauxi.o(.text)
    __aeabi_d2f                              0x080006e1   Thumb Code     0  d2f.o(.text)
    _d2f                                     0x080006e1   Thumb Code   120  d2f.o(.text)
    __aeabi_dadd                             0x08000a55   Thumb Code     0  daddsub.o(.text)
    _dadd                                    0x08000a55   Thumb Code    26  daddsub.o(.text)
    __aeabi_dsub                             0x08000a6f   Thumb Code     0  daddsub.o(.text)
    _dsub                                    0x08000a6f   Thumb Code    22  daddsub.o(.text)
    __aeabi_drsub                            0x08000a85   Thumb Code     0  daddsub.o(.text)
    _drsb                                    0x08000a85   Thumb Code    28  daddsub.o(.text)
    __aeabi_ddiv                             0x08000ab5   Thumb Code     0  ddiv.o(.text)
    _ddiv                                    0x08000ab5   Thumb Code  1072  ddiv.o(.text)
    _drdiv                                   0x08000ee5   Thumb Code    20  ddiv.o(.text)
    __aeabi_d2iz                             0x08000efd   Thumb Code     0  dfixi.o(.text)
    _dfix                                    0x08000efd   Thumb Code    98  dfixi.o(.text)
    __aeabi_dmul                             0x08000f69   Thumb Code     0  dmul.o(.text)
    _dmul                                    0x08000f69   Thumb Code   558  dmul.o(.text)
    __aeabi_f2d                              0x080011b1   Thumb Code     0  f2d.o(.text)
    _f2d                                     0x080011b1   Thumb Code    80  f2d.o(.text)
    __aeabi_i2f_normalise                    0x08001205   Thumb Code    72  fflti.o(.text)
    __aeabi_i2f                              0x0800124d   Thumb Code    16  fflti.o(.text)
    _fflt                                    0x0800124d   Thumb Code     0  fflti.o(.text)
    __aeabi_ui2f                             0x0800125d   Thumb Code     6  fflti.o(.text)
    _ffltu                                   0x0800125d   Thumb Code     0  fflti.o(.text)
    __rt_locale                              0x08001265   Thumb Code     8  rt_locale_intlibspace.o(.text)
    __aeabi_errno_addr                       0x0800126d   Thumb Code     8  rt_errno_addr_intlibspace.o(.text)
    __errno$intlibspace                      0x0800126d   Thumb Code     0  rt_errno_addr_intlibspace.o(.text)
    __rt_errno_addr$intlibspace              0x0800126d   Thumb Code     0  rt_errno_addr_intlibspace.o(.text)
    __read_errno                             0x08001275   Thumb Code    10  _rserrno.o(.text)
    __set_errno                              0x0800127f   Thumb Code    12  _rserrno.o(.text)
    _printf_pre_padding                      0x0800128b   Thumb Code    44  _printf_pad.o(.text)
    _printf_post_padding                     0x080012b7   Thumb Code    34  _printf_pad.o(.text)
    _printf_truncate_signed                  0x080012d9   Thumb Code    18  _printf_truncate.o(.text)
    _printf_truncate_unsigned                0x080012eb   Thumb Code    18  _printf_truncate.o(.text)
    _printf_str                              0x080012fd   Thumb Code    82  _printf_str.o(.text)
    _printf_int_dec                          0x08001351   Thumb Code    90  _printf_dec.o(.text)
    _printf_charcount                        0x080013bd   Thumb Code    38  _printf_charcount.o(.text)
    _printf_char_common                      0x080013ef   Thumb Code    32  _printf_char_common.o(.text)
    _sputc                                   0x08001415   Thumb Code    10  _sputc.o(.text)
    _printf_wctomb                           0x08001421   Thumb Code   182  _printf_wctomb.o(.text)
    _printf_longlong_dec                     0x080014dd   Thumb Code    94  _printf_longlong_dec.o(.text)
    _printf_longlong_oct                     0x0800154d   Thumb Code    68  _printf_oct_int_ll.o(.text)
    _printf_int_oct                          0x08001591   Thumb Code    24  _printf_oct_int_ll.o(.text)
    _printf_ll_oct                           0x080015a9   Thumb Code    10  _printf_oct_int_ll.o(.text)
    _printf_longlong_hex                     0x080015bd   Thumb Code    88  _printf_hex_int_ll_ptr.o(.text)
    _printf_int_hex                          0x08001615   Thumb Code    28  _printf_hex_int_ll_ptr.o(.text)
    _printf_ll_hex                           0x08001631   Thumb Code    10  _printf_hex_int_ll_ptr.o(.text)
    _printf_hex_ptr                          0x0800163b   Thumb Code    22  _printf_hex_int_ll_ptr.o(.text)
    __printf                                 0x08001655   Thumb Code   386  __printf_flags_ss_wp.o(.text)
    __strtod_int                             0x08001823   Thumb Code    98  strtod.o(.text)
    __strtof_int                             0x08001895   Thumb Code    12  strtof.o(.text)
    strtol                                   0x080018a1   Thumb Code   108  strtol.o(.text)
    __strtok_internal                        0x08001911   Thumb Code    66  strtok_int.o(.text)
    __user_libspace                          0x08001959   Thumb Code     8  libspace.o(.text)
    __user_perproc_libspace                  0x08001959   Thumb Code     0  libspace.o(.text)
    __user_perthread_libspace                0x08001959   Thumb Code     0  libspace.o(.text)
    _ll_udiv10                               0x08001961   Thumb Code   122  lludiv10.o(.text)
    isspace                                  0x080019db   Thumb Code    18  isspace.o(.text)
    _printf_int_common                       0x080019ed   Thumb Code   176  _printf_intcommon.o(.text)
    _printf_fp_dec_real                      0x08001c39   Thumb Code   620  _printf_fp_dec.o(.text)
    _printf_fp_hex_real                      0x08001eb1   Thumb Code   718  _printf_fp_hex.o(.text)
    _printf_cs_common                        0x08002189   Thumb Code    22  _printf_char.o(.text)
    _printf_char                             0x0800219f   Thumb Code    16  _printf_char.o(.text)
    _printf_string                           0x080021af   Thumb Code     8  _printf_char.o(.text)
    _printf_lcs_common                       0x080021b7   Thumb Code    22  _printf_wchar.o(.text)
    _printf_wchar                            0x080021cd   Thumb Code    16  _printf_wchar.o(.text)
    _printf_wstring                          0x080021dd   Thumb Code     8  _printf_wchar.o(.text)
    _sgetc                                   0x080021e5   Thumb Code    32  _sgetc.o(.text)
    _sbackspace                              0x08002205   Thumb Code    36  _sgetc.o(.text)
    _strtoul                                 0x08002229   Thumb Code   166  _strtoul.o(.text)
    _c16rtomb                                0x080022cf   Thumb Code    66  _c16rtomb.o(.text)
    _wcrtomb                                 0x080022cf   Thumb Code     0  _c16rtomb.o(.text)
    strcspn                                  0x08002311   Thumb Code    34  strcspn.o(.text)
    strspn                                   0x08002333   Thumb Code    32  strspn.o(.text)
    strcmp                                   0x08002355   Thumb Code   176  strcmpv6m.o(.text)
    __rt_udiv10                              0x08002405   Thumb Code    40  rtudiv10.o(.text)
    __fpl_fcmp_InfNaN                        0x0800242d   Thumb Code    96  fcmpin.o(.text)
    __user_setup_stackheap                   0x08002491   Thumb Code    62  sys_stackheap_outer.o(.text)
    _printf_fp_infnan                        0x080024d1   Thumb Code   120  _printf_fp_infnan.o(.text)
    _chval                                   0x08002559   Thumb Code    30  _chval.o(.text)
    _scanf_really_real                       0x080027d3   Thumb Code   710  scanf_fp.o(.text)
    _btod_etento                             0x08002a99   Thumb Code   210  bigflt0.o(.text)
    _btod_d2e                                0x08002b71   Thumb Code    64  btod.o(.text)
    _btod_emul                               0x08002fa5   Thumb Code    28  btod.o(.text)
    _btod_emuld                              0x08002fc1   Thumb Code   144  btod.o(.text)
    _btod_ediv                               0x08003051   Thumb Code    26  btod.o(.text)
    _btod_edivd                              0x0800306b   Thumb Code   124  btod.o(.text)
    exit                                     0x080030f1   Thumb Code    16  exit.o(.text)
    __fpl_cmpreturn                          0x08003101   Thumb Code    46  cmpret.o(.text)
    __fpl_fcheck_NaN2                        0x08003131   Thumb Code    10  fnan2.o(.text)
    __aeabi_llsl                             0x08003141   Thumb Code    32  llshl.o(.text)
    _ll_shift_l                              0x08003141   Thumb Code     0  llshl.o(.text)
    __aeabi_lmul                             0x08003161   Thumb Code    48  llmul.o(.text)
    _ll_mul                                  0x08003161   Thumb Code     0  llmul.o(.text)
    __fpl_return_NaN                         0x08003191   Thumb Code    94  retnan.o(.text)
    _sys_exit                                0x080031f1   Thumb Code     8  sys_exit.o(.text)
    _scanf_really_hex_real                   0x080031fd   Thumb Code   806  scanf_hexfp.o(.text)
    _scanf_really_infnan                     0x08003531   Thumb Code   300  scanf_infnan.o(.text)
    __I$use$semihosting                      0x0800366d   Thumb Code     0  use_no_semi.o(.text)
    __use_no_semihosting_swi                 0x0800366d   Thumb Code     2  use_no_semi.o(.text)
    __semihosting_library_function           0x0800366f   Thumb Code     0  indicate_semi.o(.text)
    __fpl_dcmp_InfNaN                        0x08003671   Thumb Code   154  dcmpin.o(.text)
    __ARM_scalbn                             0x08003711   Thumb Code    84  dscalbn.o(.text)
    __fpl_dcheck_NaN2                        0x08003771   Thumb Code    14  dnan2.o(.text)
    SysTick_Handler                          0x08003785   Thumb Code    12  timer.o(.text.SysTick_Handler)
    SystemInit                               0x08003795   Thumb Code     2  system_stm32f0xx.o(.text.SystemInit)
    TIM14_IRQHandler                         0x08003799   Thumb Code    12  main.o(.text.TIM14_IRQHandler)
    crc_calc                                 0x080037a9   Thumb Code    84  crc.o(.text.crc_calc)
    dac_load_all                             0x08003801   Thumb Code    60  dac_functions.o(.text.dac_load_all)
    dac_read_all                             0x0800383d   Thumb Code    60  dac_functions.o(.text.dac_read_all)
    dac_volt_to_data                         0x08003881   Thumb Code    76  dac_functions.o(.text.dac_volt_to_data)
    delay                                    0x080038e5   Thumb Code    40  timer.o(.text.delay)
    delay_long                               0x08003915   Thumb Code     8  timer.o(.text.delay_long)
    edit_ip_mac                              0x0800391d   Thumb Code   160  web_content.o(.text.edit_ip_mac)
    enc28J60WriteMAC                         0x080039d1   Thumb Code   384  enc28j60.o(.text.enc28J60WriteMAC)
    enc28j60Init                             0x08003b51   Thumb Code  1396  enc28j60.o(.text.enc28j60Init)
    enc28j60PacketReceive                    0x080040c9   Thumb Code   136  enc28j60.o(.text.enc28j60PacketReceive)
    enc28j60PacketSend                       0x08004151   Thumb Code   584  enc28j60.o(.text.enc28j60PacketSend)
    enc28j60PhyWrite                         0x08004399   Thumb Code   272  enc28j60.o(.text.enc28j60PhyWrite)
    enc28j60SetBank                          0x080044b1   Thumb Code   140  enc28j60.o(.text.enc28j60SetBank)
    fill_fmt                                 0x08004549   Thumb Code    48  uiplib.o(.text.fill_fmt)
    find_key_value                           0x08004581   Thumb Code   280  uiplib.o(.text.find_key_value)
    flash_write                              0x08004699   Thumb Code   144  flash.o(.text.flash_write)
    get_num_of_conns                         0x08004735   Thumb Code    32  uiplib.o(.text.get_num_of_conns)
    handle_data                              0x08004759   Thumb Code    88  scpi.o(.text.handle_data)
    handle_format                            0x080047b5   Thumb Code    78  scpi.o(.text.handle_format)
    handle_idn                               0x08004803   Thumb Code    52  scpi.o(.text.handle_idn)
    handle_mainpage_action                   0x08004839   Thumb Code   212  web_content.o(.text.handle_mainpage_action)
    handle_scpi                              0x0800492d   Thumb Code   268  net_interface.o(.text.handle_scpi)
    handle_www                               0x08004a71   Thumb Code   304  net_interface.o(.text.handle_www)
    hardware_init                            0x08004bc5   Thumb Code   200  hardware_init.o(.text.hardware_init)
    htons                                    0x08004ca5   Thumb Code     4  uip.o(.text.htons)
    i2c_init                                 0x08004ca9   Thumb Code    84  i2c.o(.text.i2c_init)
    i2c_rx                                   0x08004d0d   Thumb Code   108  i2c.o(.text.i2c_rx)
    i2c_rx_word                              0x08004d79   Thumb Code   104  i2c.o(.text.i2c_rx_word)
    i2c_set_slave_addr                       0x08004de5   Thumb Code    20  i2c.o(.text.i2c_set_slave_addr)
    i2c_tx                                   0x08004dfd   Thumb Code   116  i2c.o(.text.i2c_tx)
    isfloat                                  0x08004e79   Thumb Code   228  string_functions.o(.text.isfloat)
    isuint                                   0x08004f5d   Thumb Code   100  string_functions.o(.text.isuint)
    load_net_addr                            0x08004fc1   Thumb Code   140  net_interface.o(.text.load_net_addr)
    main                                     0x0800505d   Thumb Code   532  main.o(.text.main)
    max582_set_addr                          0x080052a9   Thumb Code    16  max582x.o(.text.max582_set_addr)
    max582x_code_load                        0x080052b9   Thumb Code    82  max582x.o(.text.max582x_code_load)
    max582x_init                             0x0800530b   Thumb Code   128  max582x.o(.text.max582x_init)
    max582x_init_ref                         0x0800538b   Thumb Code   128  max582x.o(.text.max582x_init_ref)
    max582x_read_code                        0x0800540b   Thumb Code    56  max582x.o(.text.max582x_read_code)
    net_interface_appcall                    0x08005445   Thumb Code    60  net_interface.o(.text.net_interface_appcall)
    net_interface_init                       0x0800548d   Thumb Code    20  net_interface.o(.text.net_interface_init)
    parse_float_list                         0x080054a9   Thumb Code   104  scpi.o(.text.parse_float_list)
    parse_format                             0x08005519   Thumb Code   156  scpi.o(.text.parse_format)
    parse_list                               0x080055c5   Thumb Code   440  uiplib.o(.text.parse_list)
    print_connections                        0x08005781   Thumb Code   160  web_content.o(.text.print_connections)
    print_dac_data                           0x080058b1   Thumb Code   128  web_content.o(.text.print_dac_data)
    print_mainpage                           0x080059b9   Thumb Code   108  web_content.o(.text.print_mainpage)
    rm_spaces                                0x08005abd   Thumb Code    30  string_functions.o(.text.rm_spaces)
    save_net_addr                            0x08005add   Thumb Code    60  net_interface.o(.text.save_net_addr)
    scpi_ans                                 0x08005b1d   Thumb Code   180  scpi.o(.text.scpi_ans)
    scpi_parse_volt                          0x08005c2d   Thumb Code   244  scpi.o(.text.scpi_parse_volt)
    scpi_strcmp                              0x08005d2d   Thumb Code    68  scpi.o(.text.scpi_strcmp)
    set_default_net_addr                     0x08005d71   Thumb Code    64  net_interface.o(.text.set_default_net_addr)
    timer_expired                            0x08005dbd   Thumb Code    28  timer.o(.text.timer_expired)
    timer_restart                            0x08005dd9   Thumb Code     8  timer.o(.text.timer_restart)
    timer_set                                0x08005de1   Thumb Code    16  timer.o(.text.timer_set)
    to_lower_case                            0x08005df5   Thumb Code    46  string_functions.o(.text.to_lower_case)
    uip_add32                                0x08005e25   Thumb Code    84  uip.o(.text.uip_add32)
    uip_arp_arpin                            0x08005ee9   Thumb Code   268  uip_arp.o(.text.uip_arp_arpin)
    uip_arp_init                             0x08005ff9   Thumb Code    20  uip_arp.o(.text.uip_arp_init)
    uip_arp_ipin                             0x0800600d   Thumb Code    64  uip_arp.o(.text.uip_arp_ipin)
    uip_arp_out                              0x08006051   Thumb Code   328  uip_arp.o(.text.uip_arp_out)
    uip_arp_timer                            0x080061b9   Thumb Code    52  uip_arp.o(.text.uip_arp_timer)
    uip_init                                 0x080062ad   Thumb Code    20  uip.o(.text.uip_init)
    uip_listen                               0x080062c5   Thumb Code    32  uip.o(.text.uip_listen)
    uip_process                              0x080062e9   Thumb Code  2508  uip.o(.text.uip_process)
    uip_tcpchksum                            0x08006ce5   Thumb Code   160  uip.o(.text.uip_tcpchksum)
    url_strcmp                               0x08006d89   Thumb Code    46  uiplib.o(.text.url_strcmp)
    www_ans                                  0x08006db9   Thumb Code   192  web_content.o(.text.www_ans)
    __ARM_common_ll_muluu                    0x08006e9d   Thumb Code    48  btod.o(i.__ARM_common_ll_muluu)
    __ARM_fpclassify                         0x08006ecd   Thumb Code    40  fpclassify.o(i.__ARM_fpclassify)
    __mathlib_dbl_overflow                   0x08006ef9   Thumb Code    16  dunder.o(i.__mathlib_dbl_overflow)
    __mathlib_dbl_underflow                  0x08006f0d   Thumb Code    14  dunder.o(i.__mathlib_dbl_underflow)
    __mathlib_narrow                         0x08006f21   Thumb Code    16  narrow.o(i.__mathlib_narrow)
    __mathlib_tofloat                        0x08006f31   Thumb Code   190  narrow.o(i.__mathlib_tofloat)
    __support_ldexp                          0x08006ff9   Thumb Code    20  ldexp.o(i.__support_ldexp)
    __aeabi_fcmplt                           0x0800700d   Thumb Code     0  fcmp.o(i._fls)
    _fls                                     0x0800700d   Thumb Code    22  fcmp.o(i._fls)
    _is_digit                                0x08007023   Thumb Code    14  __printf_wp.o(i._is_digit)
    atof                                     0x08007031   Thumb Code    44  atof.o(i.atof)
    frexp                                    0x0800705d   Thumb Code    72  frexp.o(i.frexp)
    ldexp                                    0x080070b5   Thumb Code   112  ldexp.o(i.ldexp)
    strtof                                   0x08007125   Thumb Code    20  strtof.o(i.strtof)
    _get_lc_ctype                            0x08007139   Thumb Code    44  lc_ctype_c.o(locale$$code)
    _get_lc_numeric                          0x08007165   Thumb Code    44  lc_numeric_c.o(locale$$code)
    __aeabi_cdcmpeq                          0x08007191   Thumb Code     0  deqf.o(x$fpl$deqf)
    _dcmpeq                                  0x08007191   Thumb Code    94  deqf.o(x$fpl$deqf)
    __aeabi_cdrcmple                         0x080071f5   Thumb Code     0  drlef.o(x$fpl$drleqf)
    _drcmple                                 0x080071f5   Thumb Code   100  drlef.o(x$fpl$drleqf)
    __aeabi_cfcmple                          0x0800725d   Thumb Code     0  flef.o(x$fpl$fleqf)
    _fcmple                                  0x0800725d   Thumb Code    78  flef.o(x$fpl$fleqf)
    _printf_fp_dec                           0x080072b1   Thumb Code    16  printf1.o(x$fpl$printf1)
    _printf_fp_hex                           0x080072c1   Thumb Code    16  printf2.o(x$fpl$printf2)
    _scanf_real                              0x080072d1   Thumb Code    16  scanf1.o(x$fpl$scanf1)
    _scanf_hex_real                          0x080072e1   Thumb Code    16  scanf2.o(x$fpl$scanf2)
    _scanf_infnan                            0x080072f1   Thumb Code    16  scanf2.o(x$fpl$scanf2)
    __I$use$fp                               0x08007300   Number         0  usenofp.o(x$fpl$usenofp)
    Region$$Table$$Base                      0x08007944   Number         0  anon$$obj.o(Region$$Table)
    Region$$Table$$Limit                     0x08007964   Number         0  anon$$obj.o(Region$$Table)
    __aeabi_HUGE_VAL                         0x08007964   Data           0  fpconst.o(c$$dinf)
    __aeabi_HUGE_VALL                        0x08007964   Data           0  fpconst.o(c$$dinf)
    __aeabi_INFINITY                         0x08007964   Data           0  fpconst.o(c$$dinf)
    __dInf                                   0x08007964   Data           0  fpconst.o(c$$dinf)
    __huge_val                               0x08007964   Data           0  fpconst.o(c$$dinf)
    __dbl_max                                0x0800796c   Data           0  fpconst.o(c$$dmax)
    __ctype                                  0x08007981   Data           0  lc_ctype_c.o(locale$$data)
    DAC_addr                                 0x20000004   Data           3  main.o(.data.DAC_addr)
    default_ip                               0x20000008   Data           4  net_interface.o(.data.default_ip)
    default_mac                              0x2000000c   Data           6  net_interface.o(.data.default_mac)
    flash_data                               0x20000014   Data           4  flash.o(.data.flash_data)
    scpi_port                                0x20000018   Data           2  net_interface.o(.data.scpi_port)
    www_pages                                0x2000001c   Data          16  web_content.o(.data.www_pages)
    www_port                                 0x2000002c   Data           2  net_interface.o(.data.www_port)
    __libspace_start                         0x20000030   Data          96  libspace.o(.bss)
    DAC_buffer                               0x20000090   Data          48  main.o(.bss.DAC_buffer)
    __temporary_stack_top$libspace           0x20000090   Data           0  libspace.o(.bss)
    arp_table                                0x200000c2   Data          96  uip_arp.o(.bss.arp_table)
    arptime                                  0x20000122   Data           1  uip_arp.o(.bss.arptime)
    ch_edit                                  0x20000124   Data           1  web_content.o(.bss.ch_edit)
    enc28j60_mac                             0x20000128   Data           4  enc28j60.o(.bss.enc28j60_mac)
    format                                   0x2000012c   Data           1  scpi.o(.bss.format)
    global_flags                             0x2000012d   Data           1  main.o(.bss.global_flags)
    keepalive_timer                          0x20000134   Data           1  net_interface.o(.bss.keepalive_timer)
    ms_timer                                 0x20000138   Data           4  timer.o(.bss.ms_timer)
    my_net_addr                              0x2000013c   Data          10  net_interface.o(.bss.my_net_addr)
    ovf                                      0x20000148   Data           4  timer.o(.bss.ovf)
    uip_acc32                                0x2000014c   Data           4  uip.o(.bss.uip_acc32)
    uip_appdata                              0x20000150   Data           4  uip.o(.bss.uip_appdata)
    uip_buf                                  0x20000154   Data        1502  uip.o(.bss.uip_buf)
    uip_conn                                 0x20000734   Data           4  uip.o(.bss.uip_conn)
    uip_conns                                0x20000738   Data         160  uip.o(.bss.uip_conns)
    uip_draddr                               0x200007d8   Data           4  uip.o(.bss.uip_draddr)
    uip_ethaddr                              0x200007dc   Data           6  uip.o(.bss.uip_ethaddr)
    uip_flags                                0x200007e2   Data           1  uip.o(.bss.uip_flags)
    uip_hostaddr                             0x200007e4   Data           4  uip.o(.bss.uip_hostaddr)
    uip_len                                  0x200007e8   Data           2  uip.o(.bss.uip_len)
    uip_listenports                          0x200007ec   Data           4  uip.o(.bss.uip_listenports)
    uip_netmask                              0x200007f0   Data           4  uip.o(.bss.uip_netmask)
    uip_sappdata                             0x200007f4   Data           4  uip.o(.bss.uip_sappdata)
    uip_slen                                 0x200007f8   Data           2  uip.o(.bss.uip_slen)



==============================================================================

Memory Map of the image

  Image Entry point : 0x08000289

  Load Region LR_1 (Base: 0x08000000, Size: 0x00007ad0, Max: 0xffffffff, ABSOLUTE)

    Execution Region ER_RO (Exec base: 0x08000000, Load base: 0x08000000, Size: 0x00007aa0, Max: 0xffffffff, ABSOLUTE)

    Exec Addr    Load Addr    Size         Type   Attr      Idx    E Section Name        Object

    0x08000000   0x08000000   0x000000b0   Data   RO          401    RESET               startup_stm32f030x6.o
    0x080000b0   0x080000b0   0x00000008   Code   RO          454  * !!!main             c_p.l(__main.o)
    0x080000b8   0x080000b8   0x0000003c   Code   RO          928    !!!scatter          c_p.l(__scatter.o)
    0x080000f4   0x080000f4   0x0000001a   Code   RO          930    !!handler_copy      c_p.l(__scatter_copy.o)
    0x0800010e   0x0800010e   0x00000002   PAD
    0x08000110   0x08000110   0x0000001c   Code   RO          932    !!handler_zi        c_p.l(__scatter_zi.o)
    0x0800012c   0x0800012c   0x00000002   Code   RO          589    .ARM.Collect$$_printf_percent$$00000000  c_p.l(_printf_percent.o)
    0x0800012e   0x0800012e   0x0000000a   Code   RO          578    .ARM.Collect$$_printf_percent$$00000001  c_p.l(_printf_n.o)
    0x08000138   0x08000138   0x0000000a   Code   RO          580    .ARM.Collect$$_printf_percent$$00000002  c_p.l(_printf_p.o)
    0x08000142   0x08000142   0x0000000a   Code   RO          585    .ARM.Collect$$_printf_percent$$00000003  c_p.l(_printf_f.o)
    0x0800014c   0x0800014c   0x0000000a   Code   RO          586    .ARM.Collect$$_printf_percent$$00000004  c_p.l(_printf_e.o)
    0x08000156   0x08000156   0x0000000a   Code   RO          587    .ARM.Collect$$_printf_percent$$00000005  c_p.l(_printf_g.o)
    0x08000160   0x08000160   0x0000000a   Code   RO          588    .ARM.Collect$$_printf_percent$$00000006  c_p.l(_printf_a.o)
    0x0800016a   0x0800016a   0x0000000a   Code   RO          593    .ARM.Collect$$_printf_percent$$00000007  c_p.l(_printf_ll.o)
    0x08000174   0x08000174   0x0000000a   Code   RO          582    .ARM.Collect$$_printf_percent$$00000008  c_p.l(_printf_i.o)
    0x0800017e   0x0800017e   0x0000000a   Code   RO          583    .ARM.Collect$$_printf_percent$$00000009  c_p.l(_printf_d.o)
    0x08000188   0x08000188   0x0000000a   Code   RO          584    .ARM.Collect$$_printf_percent$$0000000A  c_p.l(_printf_u.o)
    0x08000192   0x08000192   0x0000000a   Code   RO          581    .ARM.Collect$$_printf_percent$$0000000B  c_p.l(_printf_o.o)
    0x0800019c   0x0800019c   0x0000000a   Code   RO          579    .ARM.Collect$$_printf_percent$$0000000C  c_p.l(_printf_x.o)
    0x080001a6   0x080001a6   0x0000000a   Code   RO          590    .ARM.Collect$$_printf_percent$$0000000D  c_p.l(_printf_lli.o)
    0x080001b0   0x080001b0   0x0000000a   Code   RO          591    .ARM.Collect$$_printf_percent$$0000000E  c_p.l(_printf_lld.o)
    0x080001ba   0x080001ba   0x0000000a   Code   RO          592    .ARM.Collect$$_printf_percent$$0000000F  c_p.l(_printf_llu.o)
    0x080001c4   0x080001c4   0x0000000a   Code   RO          597    .ARM.Collect$$_printf_percent$$00000010  c_p.l(_printf_llo.o)
    0x080001ce   0x080001ce   0x0000000a   Code   RO          598    .ARM.Collect$$_printf_percent$$00000011  c_p.l(_printf_llx.o)
    0x080001d8   0x080001d8   0x0000000a   Code   RO          594    .ARM.Collect$$_printf_percent$$00000012  c_p.l(_printf_l.o)
    0x080001e2   0x080001e2   0x0000000a   Code   RO          576    .ARM.Collect$$_printf_percent$$00000013  c_p.l(_printf_c.o)
    0x080001ec   0x080001ec   0x0000000a   Code   RO          577    .ARM.Collect$$_printf_percent$$00000014  c_p.l(_printf_s.o)
    0x080001f6   0x080001f6   0x0000000a   Code   RO          595    .ARM.Collect$$_printf_percent$$00000015  c_p.l(_printf_lc.o)
    0x08000200   0x08000200   0x0000000a   Code   RO          596    .ARM.Collect$$_printf_percent$$00000016  c_p.l(_printf_ls.o)
    0x0800020a   0x0800020a   0x00000004   Code   RO          664    .ARM.Collect$$_printf_percent$$00000017  c_p.l(_printf_percent_end.o)
    0x0800020e   0x0800020e   0x00000002   Code   RO          766    .ARM.Collect$$libinit$$00000000  c_p.l(libinit.o)
    0x08000210   0x08000210   0x00000000   Code   RO          683    .ARM.Collect$$libinit$$00000002  c_p.l(libinit2.o)
    0x08000210   0x08000210   0x00000000   Code   RO          685    .ARM.Collect$$libinit$$00000004  c_p.l(libinit2.o)
    0x08000210   0x08000210   0x00000000   Code   RO          687    .ARM.Collect$$libinit$$00000006  c_p.l(libinit2.o)
    0x08000210   0x08000210   0x00000000   Code   RO          690    .ARM.Collect$$libinit$$0000000C  c_p.l(libinit2.o)
    0x08000210   0x08000210   0x00000000   Code   RO          692    .ARM.Collect$$libinit$$0000000E  c_p.l(libinit2.o)
    0x08000210   0x08000210   0x00000000   Code   RO          694    .ARM.Collect$$libinit$$00000010  c_p.l(libinit2.o)
    0x08000210   0x08000210   0x00000006   Code   RO          695    .ARM.Collect$$libinit$$00000011  c_p.l(libinit2.o)
    0x08000216   0x08000216   0x00000000   Code   RO          697    .ARM.Collect$$libinit$$00000013  c_p.l(libinit2.o)
    0x08000216   0x08000216   0x0000000c   Code   RO          698    .ARM.Collect$$libinit$$00000014  c_p.l(libinit2.o)
    0x08000222   0x08000222   0x00000000   Code   RO          699    .ARM.Collect$$libinit$$00000015  c_p.l(libinit2.o)
    0x08000222   0x08000222   0x00000000   Code   RO          701    .ARM.Collect$$libinit$$00000017  c_p.l(libinit2.o)
    0x08000222   0x08000222   0x0000000a   Code   RO          702    .ARM.Collect$$libinit$$00000018  c_p.l(libinit2.o)
    0x0800022c   0x0800022c   0x00000000   Code   RO          703    .ARM.Collect$$libinit$$00000019  c_p.l(libinit2.o)
    0x0800022c   0x0800022c   0x00000000   Code   RO          705    .ARM.Collect$$libinit$$0000001B  c_p.l(libinit2.o)
    0x0800022c   0x0800022c   0x00000000   Code   RO          707    .ARM.Collect$$libinit$$0000001D  c_p.l(libinit2.o)
    0x0800022c   0x0800022c   0x00000000   Code   RO          709    .ARM.Collect$$libinit$$0000001F  c_p.l(libinit2.o)
    0x0800022c   0x0800022c   0x00000000   Code   RO          711    .ARM.Collect$$libinit$$00000021  c_p.l(libinit2.o)
    0x0800022c   0x0800022c   0x00000000   Code   RO          713    .ARM.Collect$$libinit$$00000023  c_p.l(libinit2.o)
    0x0800022c   0x0800022c   0x00000000   Code   RO          715    .ARM.Collect$$libinit$$00000025  c_p.l(libinit2.o)
    0x0800022c   0x0800022c   0x00000000   Code   RO          717    .ARM.Collect$$libinit$$00000027  c_p.l(libinit2.o)
    0x0800022c   0x0800022c   0x00000000   Code   RO          721    .ARM.Collect$$libinit$$0000002E  c_p.l(libinit2.o)
    0x0800022c   0x0800022c   0x00000000   Code   RO          723    .ARM.Collect$$libinit$$00000030  c_p.l(libinit2.o)
    0x0800022c   0x0800022c   0x00000000   Code   RO          725    .ARM.Collect$$libinit$$00000032  c_p.l(libinit2.o)
    0x0800022c   0x0800022c   0x00000000   Code   RO          727    .ARM.Collect$$libinit$$00000034  c_p.l(libinit2.o)
    0x0800022c   0x0800022c   0x00000002   Code   RO          728    .ARM.Collect$$libinit$$00000035  c_p.l(libinit2.o)
    0x0800022e   0x0800022e   0x00000002   Code   RO          869    .ARM.Collect$$libshutdown$$00000000  c_p.l(libshutdown.o)
    0x08000230   0x08000230   0x00000000   Code   RO          895    .ARM.Collect$$libshutdown$$00000002  c_p.l(libshutdown2.o)
    0x08000230   0x08000230   0x00000000   Code   RO          897    .ARM.Collect$$libshutdown$$00000004  c_p.l(libshutdown2.o)
    0x08000230   0x08000230   0x00000000   Code   RO          900    .ARM.Collect$$libshutdown$$00000007  c_p.l(libshutdown2.o)
    0x08000230   0x08000230   0x00000000   Code   RO          903    .ARM.Collect$$libshutdown$$0000000A  c_p.l(libshutdown2.o)
    0x08000230   0x08000230   0x00000000   Code   RO          905    .ARM.Collect$$libshutdown$$0000000C  c_p.l(libshutdown2.o)
    0x08000230   0x08000230   0x00000000   Code   RO          908    .ARM.Collect$$libshutdown$$0000000F  c_p.l(libshutdown2.o)
    0x08000230   0x08000230   0x00000002   Code   RO          909    .ARM.Collect$$libshutdown$$00000010  c_p.l(libshutdown2.o)
    0x08000232   0x08000232   0x00000000   Code   RO          491    .ARM.Collect$$rtentry$$00000000  c_p.l(__rtentry.o)
    0x08000232   0x08000232   0x00000000   Code   RO          629    .ARM.Collect$$rtentry$$00000002  c_p.l(__rtentry2.o)
    0x08000232   0x08000232   0x00000006   Code   RO          641    .ARM.Collect$$rtentry$$00000004  c_p.l(__rtentry4.o)
    0x08000238   0x08000238   0x00000000   Code   RO          631    .ARM.Collect$$rtentry$$00000009  c_p.l(__rtentry2.o)
    0x08000238   0x08000238   0x00000004   Code   RO          632    .ARM.Collect$$rtentry$$0000000A  c_p.l(__rtentry2.o)
    0x0800023c   0x0800023c   0x00000000   Code   RO          634    .ARM.Collect$$rtentry$$0000000C  c_p.l(__rtentry2.o)
    0x0800023c   0x0800023c   0x00000008   Code   RO          635    .ARM.Collect$$rtentry$$0000000D  c_p.l(__rtentry2.o)
    0x08000244   0x08000244   0x00000002   Code   RO          778    .ARM.Collect$$rtexit$$00000000  c_p.l(rtexit.o)
    0x08000246   0x08000246   0x00000000   Code   RO          826    .ARM.Collect$$rtexit$$00000002  c_p.l(rtexit2.o)
    0x08000246   0x08000246   0x00000004   Code   RO          827    .ARM.Collect$$rtexit$$00000003  c_p.l(rtexit2.o)
    0x0800024a   0x0800024a   0x00000006   Code   RO          828    .ARM.Collect$$rtexit$$00000004  c_p.l(rtexit2.o)
    0x08000250   0x08000250   0x00000038   Code   RO          440    .emb_text           c_p.l(rt_memcpy.o)
    0x08000288   0x08000288   0x00000034   Code   RO          402  * .text               startup_stm32f030x6.o
    0x080002bc   0x080002bc   0x00000010   Code   RO          425    .text               c_p.l(rt_ctype_table.o)
    0x080002cc   0x080002cc   0x00000024   Code   RO          427    .text               c_p.l(vsprintf.o)
    0x080002f0   0x080002f0   0x0000001a   Code   RO          429    .text               c_p.l(atoi.o)
    0x0800030a   0x0800030a   0x00000002   PAD
    0x0800030c   0x0800030c   0x00000010   Code   RO          431    .text               c_p.l(strtok.o)
    0x0800031c   0x0800031c   0x0000005a   Code   RO          434    .text               c_p.l(memcmp.o)
    0x08000376   0x08000376   0x00000002   PAD
    0x08000378   0x08000378   0x00000044   Code   RO          436    .text               c_p.l(strlen.o)
    0x080003bc   0x080003bc   0x000000a0   Code   RO          438    .text               c_p.l(strncmp.o)
    0x0800045c   0x0800045c   0x00000082   Code   RO          441    .text               c_p.l(rt_memcpy.o)
    0x080004de   0x080004de   0x00000002   PAD
    0x080004e0   0x080004e0   0x000001f8   Code   RO          444    .text               c_p.l(aeabi_sdivfast.o)
    0x080006d8   0x080006d8   0x00000006   Code   RO          452    .text               c_p.l(heapauxi.o)
    0x080006de   0x080006de   0x00000002   PAD
    0x080006e0   0x080006e0   0x0000007c   Code   RO          456    .text               fz_ps.l(d2f.o)
    0x0800075c   0x0800075c   0x00000358   Code   RO          458    .text               fz_ps.l(daddsub.o)
    0x08000ab4   0x08000ab4   0x00000448   Code   RO          460    .text               fz_ps.l(ddiv.o)
    0x08000efc   0x08000efc   0x0000006c   Code   RO          463    .text               fz_ps.l(dfixi.o)
    0x08000f68   0x08000f68   0x00000248   Code   RO          465    .text               fz_ps.l(dmul.o)
    0x080011b0   0x080011b0   0x00000054   Code   RO          467    .text               fz_ps.l(f2d.o)
    0x08001204   0x08001204   0x0000005e   Code   RO          481    .text               fz_ps.l(fflti.o)
    0x08001262   0x08001262   0x00000002   PAD
    0x08001264   0x08001264   0x00000008   Code   RO          499    .text               c_p.l(rt_locale_intlibspace.o)
    0x0800126c   0x0800126c   0x00000008   Code   RO          504    .text               c_p.l(rt_errno_addr_intlibspace.o)
    0x08001274   0x08001274   0x00000016   Code   RO          506    .text               c_p.l(_rserrno.o)
    0x0800128a   0x0800128a   0x0000004e   Code   RO          510    .text               c_p.l(_printf_pad.o)
    0x080012d8   0x080012d8   0x00000024   Code   RO          512    .text               c_p.l(_printf_truncate.o)
    0x080012fc   0x080012fc   0x00000052   Code   RO          514    .text               c_p.l(_printf_str.o)
    0x0800134e   0x0800134e   0x00000002   PAD
    0x08001350   0x08001350   0x0000006c   Code   RO          516    .text               c_p.l(_printf_dec.o)
    0x080013bc   0x080013bc   0x00000026   Code   RO          518    .text               c_p.l(_printf_charcount.o)
    0x080013e2   0x080013e2   0x00000002   PAD
    0x080013e4   0x080013e4   0x00000030   Code   RO          520    .text               c_p.l(_printf_char_common.o)
    0x08001414   0x08001414   0x0000000a   Code   RO          522    .text               c_p.l(_sputc.o)
    0x0800141e   0x0800141e   0x00000002   PAD
    0x08001420   0x08001420   0x000000bc   Code   RO          524    .text               c_p.l(_printf_wctomb.o)
    0x080014dc   0x080014dc   0x00000070   Code   RO          527    .text               c_p.l(_printf_longlong_dec.o)
    0x0800154c   0x0800154c   0x00000070   Code   RO          533    .text               c_p.l(_printf_oct_int_ll.o)
    0x080015bc   0x080015bc   0x00000098   Code   RO          553    .text               c_p.l(_printf_hex_int_ll_ptr.o)
    0x08001654   0x08001654   0x00000188   Code   RO          573    .text               c_p.l(__printf_flags_ss_wp.o)
    0x080017dc   0x080017dc   0x000000b8   Code   RO          599    .text               c_p.l(strtod.o)
    0x08001894   0x08001894   0x0000000c   Code   RO          601    .text               c_p.l(strtof.o)
    0x080018a0   0x080018a0   0x00000070   Code   RO          603    .text               c_p.l(strtol.o)
    0x08001910   0x08001910   0x00000048   Code   RO          608    .text               c_p.l(strtok_int.o)
    0x08001958   0x08001958   0x00000008   Code   RO          625    .text               c_p.l(libspace.o)
    0x08001960   0x08001960   0x0000007a   Code   RO          645    .text               c_p.l(lludiv10.o)
    0x080019da   0x080019da   0x00000012   Code   RO          647    .text               c_p.l(isspace.o)
    0x080019ec   0x080019ec   0x000000b0   Code   RO          649    .text               c_p.l(_printf_intcommon.o)
    0x08001a9c   0x08001a9c   0x00000414   Code   RO          651    .text               c_p.l(_printf_fp_dec.o)
    0x08001eb0   0x08001eb0   0x000002d8   Code   RO          655    .text               c_p.l(_printf_fp_hex.o)
    0x08002188   0x08002188   0x0000002e   Code   RO          660    .text               c_p.l(_printf_char.o)
    0x080021b6   0x080021b6   0x0000002e   Code   RO          662    .text               c_p.l(_printf_wchar.o)
    0x080021e4   0x080021e4   0x00000044   Code   RO          665    .text               c_p.l(_sgetc.o)
    0x08002228   0x08002228   0x000000a6   Code   RO          667    .text               c_p.l(_strtoul.o)
    0x080022ce   0x080022ce   0x00000042   Code   RO          669    .text               c_p.l(_c16rtomb.o)
    0x08002310   0x08002310   0x00000022   Code   RO          674    .text               c_p.l(strcspn.o)
    0x08002332   0x08002332   0x00000020   Code   RO          676    .text               c_p.l(strspn.o)
    0x08002352   0x08002352   0x00000002   PAD
    0x08002354   0x08002354   0x000000b0   Code   RO          678    .text               c_p.l(strcmpv6m.o)
    0x08002404   0x08002404   0x00000028   Code   RO          680    .text               c_p.l(rtudiv10.o)
    0x0800242c   0x0800242c   0x00000064   Code   RO          729    .text               fz_ps.l(fcmpin.o)
    0x08002490   0x08002490   0x0000003e   Code   RO          733    .text               c_p.l(sys_stackheap_outer.o)
    0x080024ce   0x080024ce   0x00000002   PAD
    0x080024d0   0x080024d0   0x00000088   Code   RO          736    .text               c_p.l(_printf_fp_infnan.o)
    0x08002558   0x08002558   0x0000001e   Code   RO          738    .text               c_p.l(_chval.o)
    0x08002576   0x08002576   0x00000002   PAD
    0x08002578   0x08002578   0x00000520   Code   RO          740    .text               c_p.l(scanf_fp.o)
    0x08002a98   0x08002a98   0x000000d8   Code   RO          744    .text               c_p.l(bigflt0.o)
    0x08002b70   0x08002b70   0x00000580   Code   RO          747    .text               c_p.l(btod.o)
    0x080030f0   0x080030f0   0x00000010   Code   RO          753    .text               c_p.l(exit.o)
    0x08003100   0x08003100   0x0000002e   Code   RO          767    .text               fz_ps.l(cmpret.o)
    0x0800312e   0x0800312e   0x00000002   PAD
    0x08003130   0x08003130   0x00000010   Code   RO          769    .text               fz_ps.l(fnan2.o)
    0x08003140   0x08003140   0x00000020   Code   RO          782    .text               c_p.l(llshl.o)
    0x08003160   0x08003160   0x00000030   Code   RO          784    .text               c_p.l(llmul.o)
    0x08003190   0x08003190   0x0000005e   Code   RO          803    .text               fz_ps.l(retnan.o)
    0x080031ee   0x080031ee   0x00000002   PAD
    0x080031f0   0x080031f0   0x0000000c   Code   RO          819    .text               c_p.l(sys_exit.o)
    0x080031fc   0x080031fc   0x00000334   Code   RO          836    .text               c_p.l(scanf_hexfp.o)
    0x08003530   0x08003530   0x0000013c   Code   RO          838    .text               c_p.l(scanf_infnan.o)
    0x0800366c   0x0800366c   0x00000002   Code   RO          860    .text               c_p.l(use_no_semi.o)
    0x0800366e   0x0800366e   0x00000000   Code   RO          862    .text               c_p.l(indicate_semi.o)
    0x0800366e   0x0800366e   0x00000002   PAD
    0x08003670   0x08003670   0x000000a0   Code   RO          870    .text               fz_ps.l(dcmpin.o)
    0x08003710   0x08003710   0x00000060   Code   RO          872    .text               fz_ps.l(dscalbn.o)
    0x08003770   0x08003770   0x00000014   Code   RO          910    .text               fz_ps.l(dnan2.o)
    0x08003784   0x08003784   0x00000010   Code   RO           34    .text.SysTick_Handler  timer.o
    0x08003794   0x08003794   0x00000002   Code   RO          409    .text.SystemInit    system_stm32f0xx.o
    0x08003796   0x08003796   0x00000002   PAD
    0x08003798   0x08003798   0x00000010   Code   RO            4    .text.TIM14_IRQHandler  main.o
    0x080037a8   0x080037a8   0x00000058   Code   RO          391    .text.crc_calc      crc.o
    0x08003800   0x08003800   0x0000003c   Code   RO          358    .text.dac_load_all  dac_functions.o
    0x0800383c   0x0800383c   0x00000044   Code   RO          356    .text.dac_read_all  dac_functions.o
    0x08003880   0x08003880   0x00000064   Code   RO          360    .text.dac_volt_to_data  dac_functions.o
    0x080038e4   0x080038e4   0x00000030   Code   RO           24    .text.delay         timer.o
    0x08003914   0x08003914   0x00000008   Code   RO           26    .text.delay_long    timer.o
    0x0800391c   0x0800391c   0x000000b4   Code   RO          119    .text.edit_ip_mac   web_content.o
    0x080039d0   0x080039d0   0x00000180   Code   RO          214    .text.enc28J60WriteMAC  enc28j60.o
    0x08003b50   0x08003b50   0x00000578   Code   RO          216    .text.enc28j60Init  enc28j60.o
    0x080040c8   0x080040c8   0x00000088   Code   RO          226    .text.enc28j60PacketReceive  enc28j60.o
    0x08004150   0x08004150   0x00000248   Code   RO          222    .text.enc28j60PacketSend  enc28j60.o
    0x08004398   0x08004398   0x00000118   Code   RO          210    .text.enc28j60PhyWrite  enc28j60.o
    0x080044b0   0x080044b0   0x00000098   Code   RO          202    .text.enc28j60SetBank  enc28j60.o
    0x08004548   0x08004548   0x00000038   Code   RO          318    .text.fill_fmt      uiplib.o
    0x08004580   0x08004580   0x00000118   Code   RO          322    .text.find_key_value  uiplib.o
    0x08004698   0x08004698   0x0000009c   Code   RO          380    .text.flash_write   flash.o
    0x08004734   0x08004734   0x00000024   Code   RO          324    .text.get_num_of_conns  uiplib.o
    0x08004758   0x08004758   0x0000005c   Code   RO          160    .text.handle_data   scpi.o
    0x080047b4   0x080047b4   0x0000004e   Code   RO          168    .text.handle_format  scpi.o
    0x08004802   0x08004802   0x00000034   Code   RO          152    .text.handle_idn    scpi.o
    0x08004836   0x08004836   0x00000002   PAD
    0x08004838   0x08004838   0x000000f4   Code   RO          115    .text.handle_mainpage_action  web_content.o
    0x0800492c   0x0800492c   0x00000144   Code   RO           48    .text.handle_scpi   net_interface.o
    0x08004a70   0x08004a70   0x00000154   Code   RO           50    .text.handle_www    net_interface.o
    0x08004bc4   0x08004bc4   0x000000e0   Code   RO           75    .text.hardware_init  hardware_init.o
    0x08004ca4   0x08004ca4   0x00000004   Code   RO          244    .text.htons         uip.o
    0x08004ca8   0x08004ca8   0x00000064   Code   RO           83    .text.i2c_init      i2c.o
    0x08004d0c   0x08004d0c   0x0000006c   Code   RO           91    .text.i2c_rx        i2c.o
    0x08004d78   0x08004d78   0x0000006c   Code   RO           93    .text.i2c_rx_word   i2c.o
    0x08004de4   0x08004de4   0x00000018   Code   RO           85    .text.i2c_set_slave_addr  i2c.o
    0x08004dfc   0x08004dfc   0x0000007c   Code   RO           89    .text.i2c_tx        i2c.o
    0x08004e78   0x08004e78   0x000000e4   Code   RO          142    .text.isfloat       string_functions.o
    0x08004f5c   0x08004f5c   0x00000064   Code   RO          138    .text.isuint        string_functions.o
    0x08004fc0   0x08004fc0   0x0000009c   Code   RO           56    .text.load_net_addr  net_interface.o
    0x0800505c   0x0800505c   0x0000024c   Code   RO            2    .text.main          main.o
    0x080052a8   0x080052a8   0x00000010   Code   RO          334    .text.max582_set_addr  max582x.o
    0x080052b8   0x080052b8   0x00000052   Code   RO          344    .text.max582x_code_load  max582x.o
    0x0800530a   0x0800530a   0x00000080   Code   RO          342    .text.max582x_init  max582x.o
    0x0800538a   0x0800538a   0x00000080   Code   RO          340    .text.max582x_init_ref  max582x.o
    0x0800540a   0x0800540a   0x00000038   Code   RO          346    .text.max582x_read_code  max582x.o
    0x08005442   0x08005442   0x00000002   PAD
    0x08005444   0x08005444   0x00000048   Code   RO           46    .text.net_interface_appcall  net_interface.o
    0x0800548c   0x0800548c   0x0000001c   Code   RO           52    .text.net_interface_init  net_interface.o
    0x080054a8   0x080054a8   0x00000070   Code   RO          164    .text.parse_float_list  scpi.o
    0x08005518   0x08005518   0x000000ac   Code   RO          170    .text.parse_format  scpi.o
    0x080055c4   0x080055c4   0x000001bc   Code   RO          316    .text.parse_list    uiplib.o
    0x08005780   0x08005780   0x00000130   Code   RO          121    .text.print_connections  web_content.o
    0x080058b0   0x080058b0   0x00000108   Code   RO          111    .text.print_dac_data  web_content.o
    0x080059b8   0x080059b8   0x00000104   Code   RO          113    .text.print_mainpage  web_content.o
    0x08005abc   0x08005abc   0x0000001e   Code   RO          140    .text.rm_spaces     string_functions.o
    0x08005ada   0x08005ada   0x00000002   PAD
    0x08005adc   0x08005adc   0x00000040   Code   RO           54    .text.save_net_addr  net_interface.o
    0x08005b1c   0x08005b1c   0x00000110   Code   RO          178    .text.scpi_ans      scpi.o
    0x08005c2c   0x08005c2c   0x00000100   Code   RO          156    .text.scpi_parse_volt  scpi.o
    0x08005d2c   0x08005d2c   0x00000044   Code   RO          172    .text.scpi_strcmp   scpi.o
    0x08005d70   0x08005d70   0x0000004c   Code   RO           58    .text.set_default_net_addr  net_interface.o
    0x08005dbc   0x08005dbc   0x0000001c   Code   RO           32    .text.timer_expired  timer.o
    0x08005dd8   0x08005dd8   0x00000008   Code   RO           30    .text.timer_restart  timer.o
    0x08005de0   0x08005de0   0x00000014   Code   RO           28    .text.timer_set     timer.o
    0x08005df4   0x08005df4   0x0000002e   Code   RO          136    .text.to_lower_case  string_functions.o
    0x08005e22   0x08005e22   0x00000002   PAD
    0x08005e24   0x08005e24   0x00000054   Code   RO          240    .text.uip_add32     uip.o
    0x08005e78   0x08005e78   0x00000070   Code   RO          258    .text.uip_add_rcv_nxt  uip.o
    0x08005ee8   0x08005ee8   0x00000110   Code   RO          297    .text.uip_arp_arpin  uip_arp.o
    0x08005ff8   0x08005ff8   0x00000014   Code   RO          289    .text.uip_arp_init  uip_arp.o
    0x0800600c   0x0800600c   0x00000044   Code   RO          293    .text.uip_arp_ipin  uip_arp.o
    0x08006050   0x08006050   0x00000168   Code   RO          299    .text.uip_arp_out   uip_arp.o
    0x080061b8   0x080061b8   0x00000034   Code   RO          291    .text.uip_arp_timer  uip_arp.o
    0x080061ec   0x080061ec   0x000000c0   Code   RO          295    .text.uip_arp_update  uip_arp.o
    0x080062ac   0x080062ac   0x00000018   Code   RO          250    .text.uip_init      uip.o
    0x080062c4   0x080062c4   0x00000024   Code   RO          254    .text.uip_listen    uip.o
    0x080062e8   0x080062e8   0x000009fc   Code   RO          256    .text.uip_process   uip.o
    0x08006ce4   0x08006ce4   0x000000a4   Code   RO          248    .text.uip_tcpchksum  uip.o
    0x08006d88   0x08006d88   0x0000002e   Code   RO          320    .text.url_strcmp    uiplib.o
    0x08006db6   0x08006db6   0x00000002   PAD
    0x08006db8   0x08006db8   0x000000e4   Code   RO          123    .text.www_ans       web_content.o
    0x08006e9c   0x08006e9c   0x00000030   Code   RO          749    i.__ARM_common_ll_muluu  c_p.l(btod.o)
    0x08006ecc   0x08006ecc   0x0000002c   Code   RO          775    i.__ARM_fpclassify  m_ps.l(fpclassify.o)
    0x08006ef8   0x08006ef8   0x00000014   Code   RO          916    i.__mathlib_dbl_overflow  m_ps.l(dunder.o)
    0x08006f0c   0x08006f0c   0x00000014   Code   RO          918    i.__mathlib_dbl_underflow  m_ps.l(dunder.o)
    0x08006f20   0x08006f20   0x00000010   Code   RO          811    i.__mathlib_narrow  m_ps.l(narrow.o)
    0x08006f30   0x08006f30   0x000000c8   Code   RO          812    i.__mathlib_tofloat  m_ps.l(narrow.o)
    0x08006ff8   0x08006ff8   0x00000014   Code   RO          875    i.__support_ldexp   m_ps.l(ldexp.o)
    0x0800700c   0x0800700c   0x00000016   Code   RO          473    i._fls              fz_ps.l(fcmp.o)
    0x08007022   0x08007022   0x0000000e   Code   RO          566    i._is_digit         c_p.l(__printf_wp.o)
    0x08007030   0x08007030   0x0000002c   Code   RO          484    i.atof              m_ps.l(atof.o)
    0x0800705c   0x0800705c   0x00000058   Code   RO          853    i.frexp             m_ps.l(frexp.o)
    0x080070b4   0x080070b4   0x00000070   Code   RO          876    i.ldexp             m_ps.l(ldexp.o)
    0x08007124   0x08007124   0x00000014   Code   RO          488    i.strtof            m_ps.l(strtof.o)
    0x08007138   0x08007138   0x0000002c   Code   RO          606    locale$$code        c_p.l(lc_ctype_c.o)
    0x08007164   0x08007164   0x0000002c   Code   RO          672    locale$$code        c_p.l(lc_numeric_c.o)
    0x08007190   0x08007190   0x00000064   Code   RO          848    x$fpl$deqf          fz_ps.l(deqf.o)
    0x080071f4   0x080071f4   0x00000068   Code   RO          850    x$fpl$drleqf        fz_ps.l(drlef.o)
    0x0800725c   0x0800725c   0x00000054   Code   RO          614    x$fpl$fleqf         fz_ps.l(flef.o)
    0x080072b0   0x080072b0   0x00000010   Code   RO          616    x$fpl$printf1       fz_ps.l(printf1.o)
    0x080072c0   0x080072c0   0x00000010   Code   RO          618    x$fpl$printf2       fz_ps.l(printf2.o)
    0x080072d0   0x080072d0   0x00000010   Code   RO          731    x$fpl$scanf1        fz_ps.l(scanf1.o)
    0x080072e0   0x080072e0   0x00000020   Code   RO          805    x$fpl$scanf2        fz_ps.l(scanf2.o)
    0x08007300   0x08007300   0x00000000   Code   RO          624    x$fpl$usenofp       fz_ps.l(usenofp.o)
    0x08007300   0x08007300   0x00000080   Data   RO          461    .constdata          fz_ps.l(ddiv.o)
    0x08007380   0x08007380   0x00000008   Data   RO          525    .constdata          c_p.l(_printf_wctomb.o)
    0x08007388   0x08007388   0x00000028   Data   RO          554    .constdata          c_p.l(_printf_hex_int_ll_ptr.o)
    0x080073b0   0x080073b0   0x00000011   Data   RO          574    .constdata          c_p.l(__printf_flags_ss_wp.o)
    0x080073c1   0x080073c1   0x00000026   Data   RO          656    .constdata          c_p.l(_printf_fp_hex.o)
    0x080073e7   0x080073e7   0x00000001   PAD
    0x080073e8   0x080073e8   0x00000094   Data   RO          745    .constdata          c_p.l(bigflt0.o)
    0x0800747c   0x0800747c   0x00000006   Data   RO           65    .rodata.str1.1      net_interface.o
    0x08007482   0x08007482   0x000004a7   Data   RO          125    .rodata.str1.1      web_content.o
    0x08007929   0x08007929   0x00000018   Data   RO          180    .rodata.str1.1      scpi.o
    0x08007941   0x08007941   0x00000003   PAD
    0x08007944   0x08007944   0x00000020   Data   RO          927    Region$$Table       anon$$obj.o
    0x08007964   0x08007964   0x00000008   Data   RO          799    c$$dinf             fz_ps.l(fpconst.o)
    0x0800796c   0x0800796c   0x00000008   Data   RO          802    c$$dmax             fz_ps.l(fpconst.o)
    0x08007974   0x08007974   0x00000110   Data   RO          605    locale$$data        c_p.l(lc_ctype_c.o)
    0x08007a84   0x08007a84   0x0000001c   Data   RO          671    locale$$data        c_p.l(lc_numeric_c.o)


    Execution Region ER_RW (Exec base: 0x20000000, Load base: 0x08007aa0, Size: 0x00000030, Max: 0xffffffff, ABSOLUTE)

    Exec Addr    Load Addr    Size         Type   Attr      Idx    E Section Name        Object

    0x20000000   0x08007aa0   0x00000004   Data   RW          432    .data               c_p.l(strtok.o)
    0x20000004   0x08007aa4   0x00000003   Data   RW            6    .data.DAC_addr      main.o
    0x20000007   0x08007aa7   0x00000001   PAD
    0x20000008   0x08007aa8   0x00000004   Data   RW           61    .data.default_ip    net_interface.o
    0x2000000c   0x08007aac   0x00000006   Data   RW           60    .data.default_mac   net_interface.o
    0x20000012   0x08007ab2   0x00000002   PAD
    0x20000014   0x08007ab4   0x00000004   Data   RW          382    .data.flash_data    flash.o
    0x20000018   0x08007ab8   0x00000002   Data   RW           63    .data.scpi_port     net_interface.o
    0x2000001a   0x08007aba   0x00000002   PAD
    0x2000001c   0x08007abc   0x00000010   Data   RW          126    .data.www_pages     web_content.o
    0x2000002c   0x08007acc   0x00000002   Data   RW           62    .data.www_port      net_interface.o


    Execution Region ER_ZI (Exec base: 0x20000030, Load base: 0x08007ad0, Size: 0x00000bd0, Max: 0xffffffff, ABSOLUTE)

    Exec Addr    Load Addr    Size         Type   Attr      Idx    E Section Name        Object

    0x20000030        -       0x00000060   Zero   RW          626    .bss                c_p.l(libspace.o)
    0x20000090        -       0x00000030   Zero   RW           10    .bss.DAC_buffer     main.o
    0x200000c0        -       0x00000001   Zero   RW          228    .bss.Enc28j60Bank   enc28j60.o
    0x200000c1   0x08007ad0   0x00000001   PAD
    0x200000c2        -       0x00000060   Zero   RW          301    .bss.arp_table      uip_arp.o
    0x20000122        -       0x00000001   Zero   RW          302    .bss.arptime        uip_arp.o
    0x20000123        -       0x00000001   Zero   RW          303    .bss.c              uip_arp.o
    0x20000124        -       0x00000001   Zero   RW          127    .bss.ch_edit        web_content.o
    0x20000125   0x08007ad0   0x00000003   PAD
    0x20000128        -       0x00000004   Zero   RW          229    .bss.enc28j60_mac   enc28j60.o
    0x2000012c        -       0x00000001   Zero   RW          181    .bss.format         scpi.o
    0x2000012d        -       0x00000001   Zero   RW            7    .bss.global_flags   main.o
    0x2000012e        -       0x00000002   Zero   RW          263    .bss.ipid           uip.o
    0x20000130        -       0x00000001   Zero   RW          272    .bss.iss.0          uip.o
    0x20000131        -       0x00000001   Zero   RW          273    .bss.iss.1          uip.o
    0x20000132        -       0x00000001   Zero   RW          274    .bss.iss.2          uip.o
    0x20000133        -       0x00000001   Zero   RW          275    .bss.iss.3          uip.o
    0x20000134        -       0x00000001   Zero   RW           64    .bss.keepalive_timer  net_interface.o
    0x20000135   0x08007ad0   0x00000003   PAD
    0x20000138        -       0x00000004   Zero   RW           36    .bss.ms_timer       timer.o
    0x2000013c        -       0x0000000a   Zero   RW           66    .bss.my_net_addr    net_interface.o
    0x20000146   0x08007ad0   0x00000002   PAD
    0x20000148        -       0x00000004   Zero   RW           37    .bss.ovf            timer.o
    0x2000014c        -       0x00000004   Zero   RW          264    .bss.uip_acc32      uip.o
    0x20000150        -       0x00000004   Zero   RW          269    .bss.uip_appdata    uip.o
    0x20000154        -       0x000005de   Zero   RW          265    .bss.uip_buf        uip.o
    0x20000732   0x08007ad0   0x00000002   PAD
    0x20000734        -       0x00000004   Zero   RW          268    .bss.uip_conn       uip.o
    0x20000738        -       0x000000a0   Zero   RW          267    .bss.uip_conns      uip.o
    0x200007d8        -       0x00000004   Zero   RW          279    .bss.uip_draddr     uip.o
    0x200007dc        -       0x00000006   Zero   RW          262    .bss.uip_ethaddr    uip.o
    0x200007e2        -       0x00000001   Zero   RW          271    .bss.uip_flags      uip.o
    0x200007e3   0x08007ad0   0x00000001   PAD
    0x200007e4        -       0x00000004   Zero   RW          278    .bss.uip_hostaddr   uip.o
    0x200007e8        -       0x00000002   Zero   RW          276    .bss.uip_len        uip.o
    0x200007ea   0x08007ad0   0x00000002   PAD
    0x200007ec        -       0x00000004   Zero   RW          266    .bss.uip_listenports  uip.o
    0x200007f0        -       0x00000004   Zero   RW          280    .bss.uip_netmask    uip.o
    0x200007f4        -       0x00000004   Zero   RW          270    .bss.uip_sappdata   uip.o
    0x200007f8        -       0x00000002   Zero   RW          277    .bss.uip_slen       uip.o
    0x200007fa   0x08007ad0   0x00000006   PAD
    0x20000800        -       0x00000000   Zero   RW          400    HEAP                startup_stm32f030x6.o
    0x20000800        -       0x00000400   Zero   RW          399    STACK               startup_stm32f030x6.o


==============================================================================

Image component sizes


      Code (inc. data)   RO Data    RW Data    ZI Data      Debug   Object Name

        88          4          0          0          0       1323   crc.o
       228         32          0          0          0       1443   dac_functions.o
      2936         40          0          0          5      17122   enc28j60.o
       156         12          0          4          0       2556   flash.o
       224         24          0          0          0       3425   hardware_init.o
       464         32          0          0          0       3250   i2c.o
       604         60          0          3         49       2965   main.o
       410          0          0          0          0       2811   max582x.o
      1060        144          6         14         11       3351   net_interface.o
      1102        140         24          0          1       6176   scpi.o
        52         22        176          0       1024        672   startup_stm32f030x6.o
       404          0          0          0          0       2216   string_functions.o
         2          0          0          0          0       1904   system_stm32f0xx.o
       128         16          0          0          8       1843   timer.o
      2980        208          0          0       1711      10424   uip.o
       964         52          0          0         98       3147   uip_arp.o
       862        172          0          0          0       4970   uiplib.o
      1480        524       1191         16          1       5188   web_content.o

    ----------------------------------------------------------------------
     14156       1482       1432         44       2928      74786   Object Totals
         0          0         32          0          0          0   (incl. Generated)
        12          0          3          7         20          0   (incl. Padding)

    ----------------------------------------------------------------------

      Code (inc. data)   RO Data    RW Data    ZI Data      Debug   Library Member Name

         8          0          0          0          0         68   __main.o
       392          6         17          0          0         76   __printf_flags_ss_wp.o
        14          0          0          0          0         60   __printf_wp.o
         0          0          0          0          0          0   __rtentry.o
        12          0          0          0          0          0   __rtentry2.o
         6          0          0          0          0          0   __rtentry4.o
        60          8          0          0          0          0   __scatter.o
        26          0          0          0          0          0   __scatter_copy.o
        28          0          0          0          0          0   __scatter_zi.o
        66          0          0          0          0         76   _c16rtomb.o
        30          0          0          0          0         60   _chval.o
        10          0          0          0          0          0   _printf_a.o
        10          0          0          0          0          0   _printf_c.o
        46          0          0          0          0        100   _printf_char.o
        48          6          0          0          0         88   _printf_char_common.o
        38          0          0          0          0         60   _printf_charcount.o
        10          0          0          0          0          0   _printf_d.o
       108         18          0          0          0         76   _printf_dec.o
        10          0          0          0          0          0   _printf_e.o
        10          0          0          0          0          0   _printf_f.o
      1044         12          0          0          0        116   _printf_fp_dec.o
       728         10         38          0          0         84   _printf_fp_hex.o
       136         16          0          0          0         76   _printf_fp_infnan.o
        10          0          0          0          0          0   _printf_g.o
       152          4         40          0          0        148   _printf_hex_int_ll_ptr.o
        10          0          0          0          0          0   _printf_i.o
       176          0          0          0          0         84   _printf_intcommon.o
        10          0          0          0          0          0   _printf_l.o
        10          0          0          0          0          0   _printf_lc.o
        10          0          0          0          0          0   _printf_ll.o
        10          0          0          0          0          0   _printf_lld.o
        10          0          0          0          0          0   _printf_lli.o
        10          0          0          0          0          0   _printf_llo.o
        10          0          0          0          0          0   _printf_llu.o
        10          0          0          0          0          0   _printf_llx.o
       112         18          0          0          0         76   _printf_longlong_dec.o
        10          0          0          0          0          0   _printf_ls.o
        10          0          0          0          0          0   _printf_n.o
        10          0          0          0          0          0   _printf_o.o
       112         10          0          0          0        112   _printf_oct_int_ll.o
        10          0          0          0          0          0   _printf_p.o
        78          0          0          0          0        100   _printf_pad.o
         2          0          0          0          0          0   _printf_percent.o
         4          0          0          0          0          0   _printf_percent_end.o
        10          0          0          0          0          0   _printf_s.o
        82          0          0          0          0         72   _printf_str.o
        36          0          0          0          0         76   _printf_truncate.o
        10          0          0          0          0          0   _printf_u.o
        46          0          0          0          0        100   _printf_wchar.o
       188          6          8          0          0         80   _printf_wctomb.o
        10          0          0          0          0          0   _printf_x.o
        22          0          0          0          0         92   _rserrno.o
        68          0          0          0          0         76   _sgetc.o
        10          0          0          0          0         60   _sputc.o
       166          0          0          0          0         84   _strtoul.o
       504          4          0          0          0         92   aeabi_sdivfast.o
        26          0          0          0          0         72   atoi.o
       216          6        148          0          0         80   bigflt0.o
      1456         30          0          0          0        336   btod.o
        16          0          0          0          0         68   exit.o
         6          0          0          0          0        136   heapauxi.o
         0          0          0          0          0          0   indicate_semi.o
        18          0          0          0          0         68   isspace.o
        44         10        272          0          0         76   lc_ctype_c.o
        44         10         28          0          0         76   lc_numeric_c.o
         2          0          0          0          0          0   libinit.o
        30          0          0          0          0          0   libinit2.o
         2          0          0          0          0          0   libshutdown.o
         2          0          0          0          0          0   libshutdown2.o
         8          4          0          0         96         68   libspace.o
        48          0          0          0          0         72   llmul.o
        32          0          0          0          0         68   llshl.o
       122          0          0          0          0         72   lludiv10.o
        90          0          0          0          0         68   memcmp.o
        16          4          0          0          0         76   rt_ctype_table.o
         8          4          0          0          0         68   rt_errno_addr_intlibspace.o
         8          4          0          0          0         68   rt_locale_intlibspace.o
       186          0          0          0          0        144   rt_memcpy.o
         2          0          0          0          0          0   rtexit.o
        10          0          0          0          0          0   rtexit2.o
        40          0          0          0          0         60   rtudiv10.o
      1312         26          0          0          0        124   scanf_fp.o
       820         14          0          0          0         84   scanf_hexfp.o
       316         16          0          0          0         84   scanf_infnan.o
       176          4          0          0          0         80   strcmpv6m.o
        34          0          0          0          0         72   strcspn.o
        68          6          0          0          0         72   strlen.o
       160          6          0          0          0         76   strncmp.o
        32          0          0          0          0         72   strspn.o
       184         16          0          0          0        120   strtod.o
        12          0          0          0          0         68   strtof.o
        16          6          0          4          0         68   strtok.o
        72          6          0          0          0         76   strtok_int.o
       112          4          0          0          0         76   strtol.o
        12          4          0          0          0         60   sys_exit.o
        62          0          0          0          0         80   sys_stackheap_outer.o
         2          0          0          0          0         68   use_no_semi.o
        36          4          0          0          0         68   vsprintf.o
        46          0          0          0          0         60   cmpret.o
       124          4          0          0          0         72   d2f.o
       856         20          0          0          0        208   daddsub.o
       160          6          0          0          0         76   dcmpin.o
      1096         26        128          0          0        112   ddiv.o
       100          4          0          0          0         92   deqf.o
       108         10          0          0          0         72   dfixi.o
       584         26          0          0          0         84   dmul.o
        20          6          0          0          0         68   dnan2.o
       104          4          0          0          0        104   drlef.o
        96         12          0          0          0         72   dscalbn.o
        84          4          0          0          0         60   f2d.o
        22          0          0          0          0         68   fcmp.o
       100          4          0          0          0         68   fcmpin.o
        94          0          0          0          0         92   fflti.o
        84          4          0          0          0         76   flef.o
        16          6          0          0          0         68   fnan2.o
         0          0         16          0          0          0   fpconst.o
        16          4          0          0          0         76   printf1.o
        16          4          0          0          0         76   printf2.o
        94          0          0          0          0         68   retnan.o
        16          4          0          0          0         76   scanf1.o
        32          8          0          0          0        100   scanf2.o
         0          0          0          0          0          0   usenofp.o
        44          0          0          0          0         76   atof.o
        40         10          0          0          0        136   dunder.o
        44          4          0          0          0         60   fpclassify.o
        88         16          0          0          0         72   frexp.o
       132          0          0          0          0        140   ldexp.o
       216         10          0          0          0        144   narrow.o
        20          0          0          0          0         68   strtof.o

    ----------------------------------------------------------------------
     15108        498        696          4         96       7760   Library Totals
        30          0          1          0          0          0   (incl. Padding)

    ----------------------------------------------------------------------

      Code (inc. data)   RO Data    RW Data    ZI Data      Debug   Library Name

     10626        302        551          4         96       5216   c_p.l
      3868        156        144          0          0       1848   fz_ps.l
       584         40          0          0          0        696   m_ps.l

    ----------------------------------------------------------------------
     15108        498        696          4         96       7760   Library Totals

    ----------------------------------------------------------------------

==============================================================================


      Code (inc. data)   RO Data    RW Data    ZI Data      Debug   

     29264       1980       2128         48       3024      78142   Grand Totals
     29264       1980       2128         48       3024      78142   ELF Image Totals
     29264       1980       2128         48          0          0   ROM Totals

==============================================================================

    Total RO  Size (Code + RO Data)                31392 (  30.66kB)
    Total RW  Size (RW Data + ZI Data)              3072 (   3.00kB)
    Total ROM Size (Code + RO Data + RW Data)      31440 (  30.70kB)

==============================================================================

